// Jest Snapshot v1, https://goo.gl/fbAQLP

exports[`Renders correctly 1`] = `
<div>
  <div
    className="Hero"
  >
    <div
      className="PetSelectionBox"
    >
      <div
        className="Cards"
      >
        <h2>
          Find your perfect companion from the comfort of your own home.
        </h2>
        <h2>
          Choose which type of animal you would like to start with:
        </h2>
        <div
          className="CardGroup"
        >
          <div>
            <h1>
              Dog
            </h1>
            <Link
              to="dog"
            >
              <Card
                image="test-file-stub"
              />
            </Link>
          </div>
          <div>
            <h1>
              Cat
            </h1>
            <Link
              to="cat"
            >
              <Card
                image="test-file-stub"
              />
            </Link>
          </div>
          <div>
            <h1>
              Other
            </h1>
            <Link
              to="other"
            >
              <Card
                image="test-file-stub"
              />
            </Link>
          </div>
        </div>
      </div>
    </div>
  </div>
  <div
    className="heroSpacer"
  />
</div>
`;
